// Jest Snapshot v1, https://goo.gl/fbAQLP

exports[`themed components matches the themed text snapshot 1`] = `
<View
  style={
    [
      {
        "backgroundColor": "#FFFFFF",
      },
      undefined,
    ]
  }
>
  <Text
    style={
      [
        {
          "color": "#121212",
          "fontFamily": "Inter_600SemiBold",
          "fontSize": 16,
          "marginBottom": 0,
        },
        undefined,
      ]
    }
  >
    Authenticator
  </Text>
</View>
`;
